---
source: edpdgen_lib/src/input_parsers/dpd.rs
expression: word_data

---
  <hr />
  <div>
    <h4 id="ābādhato_dpd">ābādhato</h4>
    <table class="word-info-table-dpd">
      <tbody><tr><td>Pāli</td><td><span>ābādhato</span></td></tr><tr><td>Grammar</td><td><span>ind, adv, abl sg of ābādha</span></td></tr><tr><td>English</td><td><span><strong>as disease, as sickness, as illness, as affliction</strong></span></td></tr><tr><td></td><td><span>lit. LM2</span></td></tr><tr><td>Family</td><td><span>ā √bādh</span></td></tr><tr><td>Root</td><td><span>√bādh<sup>･</sup>1.1 a (to press, oppress)&nbsp;RiC2&nbsp;in comps</span></td></tr><tr><td>Construction</td><td><span>ā + √bādh + a + to<br/>ābādha + to</span></td></tr><tr><td>Derivative</td><td><span>taddhita (to)</span></td></tr><tr><td>Sanskrit</td><td><span>ābādhāt</span></td></tr><tr><td>Sanskrit Root</td><td><span>√bādh</span></td></tr><tr><td>Commentary</td><td><span>(MNa) rog'aṭṭhena <b>ābādhato</b></span></td></tr></tbody>
    </table>
    <br /><span>so yad'eva tattha hoti rūpagataṃ vedanāgataṃ saññāgataṃ saṅkhāragataṃ viññāṇagataṃ, te dhamme aniccato dukkhato rogato gaṇḍato sallato aghato <b>ābādhato</b> parato palokato suññato anattato samanupassati.</span><br /><span class="sutta-source-dpd"><i>AN 9.36 jhānasuttaṃ</i></span><br /><br /></div>
<br/>
<div>
[ITABLE: ābādhato]
</div>
<br/>
<a class="dictionary-feedback-link-dpd" href="fb_url?entry.267696921=host url&entry.1433863141=host version" target="_blank">spot a mistake in the dictionary? fix it here!</a>

