---
source: edpdgen_lib/src/input_parsers/mod.rs
expression: toc_summary

---
<li><a href="#abalabala_dpd">abalabala</a>&nbsp;(adj)&nbsp;(weak and strong)</li>
