---
source: edpdgen_lib/src/input_parsers/mod.rs
expression: toc_summary

---
<li><a href="#adhikāra_1_dpd">adhikāra 1</a>: m. governing rule which affects those that follow</li>
