---
source: edpdgen_lib/src/input_parsers/mod.rs
expression: toc_summary

---
<li><a href="#adhikāra_2_dpd">adhikāra 2</a>: m. this is a test</li>
