---
source: edpdgen_lib/src/input_parsers/dps.rs
expression: toc_summary

---
<li><a href="#jetavana_dpy">jetavana</a>&nbsp;(m)&nbsp;Jetaâ€™s Grove</li>
