---
source: edpdgen_lib/src/input_parsers/mod.rs
expression: toc_summary

---
<li><a href="#훮b훮dha_dpd">훮b훮dha</a>&nbsp;(m)&nbsp;disease, sickness, illness, affliction</li>
