---
source: edpdgen_lib/src/input_parsers/mod.rs
expression: toc_summary

---
<li><a href="#훮b훮dhika_dpd">훮b훮dhika</a>: m. sick person, ill man</li>
