---
source: edpdgen_lib/src/input_parsers/dpd.rs
expression: toc_summary

---
<li><a href="#훮b훮dhika_dpy">훮b훮dhika</a>&nbsp;(m)&nbsp;sick person, ill man</li>
