---
source: edpdgen_lib/src/input_parsers/dpd.rs
expression: toc_summary

---
<li><a class="dictionary-toc-link-dpy" href="#adhikāra_2_dpy">adhikāra 2</a>&nbsp;(m)&nbsp;this is a test</li>
