---
source: edpdgen_lib/src/input_parsers/dpd.rs
expression: toc_summary

---
<li><a class="dictionary-toc-link-dpy" href="#adhikāra_1_dpy">adhikāra 1</a>&nbsp;(m)&nbsp;governing rule which affects those that follow</li>
