---
source: edpdgen_lib/src/input_parsers/dps.rs
expression: toc_summary

---
<li><a href="#paṭipucchā_dpy">paṭipucchā</a>&nbsp;(f)&nbsp;a question in return</li>
