---
source: edpdgen_lib/src/ajdict/input_parsers/dpd.rs
expression: word_data

---
훮b훮dhato; ind, adv, abl sg of 훮b훮dha; as disease; as sickness; as illness; as affliction
