---
source: edpdgen_lib/src/ajdict/input_parsers/dpd.rs
expression: word_data

---
abala 1; adj; weak; feeble
