---
source: edpdgen_lib/src/ajdict/input_parsers/dpd.rs
expression: word_data

---
ābādhikinī; f, from ābādhika; sick woman, ill woman, lit. LM4; root: √bādh･1.1 a (to press, oppress), RiC4 in comps; constr: ā + √bādh + a + ika + inī | ābādhika + inī; sk: ābādha + ika, √bādh cl. 3
