---
source: edpdgen_lib/src/ajdict/input_parsers/dpd.rs
expression: word_data

---
adhikāra 2; m; this is a test
