---
source: edpdgen_lib/src/ajdict/input_parsers/dpd.rs
expression: word_data

---
adhikāra 1; m, gram, from adhikaroti; governing rule which affects those that follow, lit. LM10; root: 000 o (0), RiC10 in comps; constr: adhi + √kar > kār + *a; sk: adhikāra, 0 cl. 9
