---
source: edpdgen_lib/src/ajdict/input_parsers/dpd.rs
expression: word_data

---
ābandhaka; adj; tying, connecting, fixing
