---
source: edpdgen_lib/src/ajdict/input_parsers/dpd.rs
expression: word_data

---
abalabala; adj, comp; weak and strong
