---
source: edpdgen_lib/src/ajdict/input_parsers/dpd.rs
expression: word_data

---
ābādha; masc, abstr; disease; sickness; illness; affliction
