---
source: edpdgen_lib/src/ajdict/input_parsers/dpd.rs
expression: word_data

---
abahulīkata; adj, pp of bahulīkaroti, comp vb; not practised often, not fully developed, not cultivated, not increased
