---
source: edpdgen_lib/src/lib.rs
expression: toc_summary

---
<li><a href="#ābādhikinī_dpd">ābādhikinī</a>: f. sick woman, ill woman</li>
