---
source: edpdgen_lib/src/stardict/input_parsers/dpd.rs
expression: toc_summary

---
<li>abala 1&nbsp;(adj)&nbsp;weak, feeble, not strong, not powerful</li>
