---
source: edpdgen_lib/src/stardict/input_parsers/dpd.rs
expression: toc_summary

---
<li><a class="dictionary-toc-link-dpd" href="#nigrodha_dpd">nigrodha</a>&nbsp;(masc)&nbsp;banyan tree</li>
