---
source: edpdgen_lib/src/stardict/input_parsers/dps.rs
expression: toc_summary

---
<li><a href="#kaṇṇa_1_dpy">kaṇṇa 1</a>&nbsp;(nt)&nbsp;ear</li>
