---
source: edpdgen_lib/src/stardict/input_parsers/dpd.rs
expression: toc_summary

---
<li>adhikāra 4&nbsp;(m)&nbsp;oh we love tests</li>
