---
source: edpdgen_lib/src/stardict/input_parsers/dpd.rs
expression: toc_summary

---
<li>nigrodha&nbsp;(masc)&nbsp;banyan tree</li>
