---
source: edpdgen_lib/src/stardict/input_parsers/dpd.rs
expression: toc_summary

---
<li>abahulÄ«kata&nbsp;(adj)&nbsp;not practised often
, not fully developed, not cultivated, not increased</li>
