---
source: edpdgen_lib/src/stardict/input_parsers/dps.rs
expression: toc_summary

---
<li>kaṇṇa 1&nbsp;(nt)&nbsp;(ps)&nbsp;ear</li>

