---
source: edpdgen_lib/src/stardict/input_parsers/dpd.rs
expression: toc_summary

---
<li><a class="dictionary-toc-link-dpy" href="#abalabala_dpy">abalabala</a>&nbsp;(adj)&nbsp;weak and strong</li>
