---
source: edpdgen_lib/src/stardict/input_parsers/dpd.rs
expression: toc_summary

---
<li><a class="dictionary-toc-link-dpy" href="#adhikāra_10_dpy">adhikāra 10</a>&nbsp;(m)&nbsp;this is another test</li>
