---
source: edpdgen_lib/src/stardict/input_parsers/dpd.rs
expression: toc_summary

---
<li><a class="dictionary-toc-link-dpy" href="#ābandhaka_dpy">ābandhaka</a>&nbsp;(adj)&nbsp;tying, connecting, fixing</li>
