---
source: edpdgen_lib/src/stardict/input_parsers/dpd.rs
expression: toc_summary

---
<li><a class="dictionary-toc-link-dpd" href="#abala_1_dpd">abala 1</a>&nbsp;(adj)&nbsp;weak, feeble, not strong, not powerful</li>
