---
source: edpdgen_lib/src/stardict/input_parsers/dpd.rs
expression: toc_summary

---
<li><a class="dictionary-toc-link-dpy" href="#훮b훮dha_dpy">훮b훮dha</a>&nbsp;(m)&nbsp;disease, sickness, illness, affliction</li>
