---
source: edpdgen_lib/src/stardict/input_parsers/dps.rs
expression: toc_summary

---
<li><a href="#jetavana_dpy">jetavana</a>&nbsp;(masc)&nbsp;Jetaâ€™s Grove</li>
